// Jest Snapshot v1, https://goo.gl/fbAQLP

exports[`it renders 1`] = `
<Example
  description="Example of how to emit events in Solidity"
  html="<p><code>Events</code> allow logging to the Ethereum blockchain. Some use cass for events are:</p>
<ul>
<li>Listening for events and updating user interface</li>
<li>A cheap form of storage</li>
</ul>
<pre><code class=\\"language-solidity\\">// SPDX-License-Identifier: MIT
pragma solidity ^0.6.10;

contract Event {
    // Event declaration
    // Up to 3 parameters can be indexed.
    // Indexed parameters helps you filter the logs by the indexed parameter
    event Log(address indexed sender, string message);
    event AnotherLog();

    function test() public {
        emit Log(msg.sender, \\"Hello World!\\");
        emit Log(msg.sender, \\"Hello EVM!\\");
        emit AnotherLog();
    }
}
</code></pre>
"
  title="Events"
  version="0.6.10"
/>
`;
