// Jest Snapshot v1, https://goo.gl/fbAQLP

exports[`it renders 1`] = `
<div
  className="component"
>
  <SEO
    description="Learn smart contract programming using Solidity"
    title="Solidity by Example | 0.5.16"
  />
  <h1
    className="header"
  >
    <a
      href="/"
    >
      Solidity by Example
    </a>
  </h1>
  <div
    className="main"
  >
    <p>
      an introduction to
       
      <a
        href="https://solidity.readthedocs.io"
      >
        Solidity
      </a>
       with simple examples
    </p>
    <div
      key="0"
    >
      <ul
        className="list"
      >
        <li
          key="/hello-world"
        >
          <a
            href="/hello-world"
          >
            Hello World
          </a>
        </li>
        <li
          key="/first-app"
        >
          <a
            href="/first-app"
          >
            First App
          </a>
        </li>
        <li
          key="/primitives"
        >
          <a
            href="/primitives"
          >
            Primitive Data Types
          </a>
        </li>
        <li
          key="/variables"
        >
          <a
            href="/variables"
          >
            Variables
          </a>
        </li>
        <li
          key="/state-variables"
        >
          <a
            href="/state-variables"
          >
            Reading and Writing to a State Variable
          </a>
        </li>
        <li
          key="/ether-units"
        >
          <a
            href="/ether-units"
          >
            Ether and Wei
          </a>
        </li>
        <li
          key="/gas"
        >
          <a
            href="/gas"
          >
            Gas and Gas Price
          </a>
        </li>
        <li
          key="/if-else"
        >
          <a
            href="/if-else"
          >
            If / Else
          </a>
        </li>
        <li
          key="/loop"
        >
          <a
            href="/loop"
          >
            For and While Loop
          </a>
        </li>
        <li
          key="/mapping"
        >
          <a
            href="/mapping"
          >
            Mapping
          </a>
        </li>
        <li
          key="/array"
        >
          <a
            href="/array"
          >
            Array
          </a>
        </li>
        <li
          key="/enum"
        >
          <a
            href="/enum"
          >
            Enum
          </a>
        </li>
        <li
          key="/structs"
        >
          <a
            href="/structs"
          >
            Structs
          </a>
        </li>
        <li
          key="/data-locations"
        >
          <a
            href="/data-locations"
          >
            Data Locations - Storage, Memory and Calldata
          </a>
        </li>
        <li
          key="/function"
        >
          <a
            href="/function"
          >
            Function
          </a>
        </li>
        <li
          key="/view-and-pure-functions"
        >
          <a
            href="/view-and-pure-functions"
          >
            View and Pure Functions
          </a>
        </li>
        <li
          key="/error"
        >
          <a
            href="/error"
          >
            Error
          </a>
        </li>
        <li
          key="/function-modifier"
        >
          <a
            href="/function-modifier"
          >
            Function Modifier
          </a>
        </li>
        <li
          key="/events"
        >
          <a
            href="/events"
          >
            Events
          </a>
        </li>
        <li
          key="/constructor"
        >
          <a
            href="/constructor"
          >
            Constructor
          </a>
        </li>
        <li
          key="/inheritance"
        >
          <a
            href="/inheritance"
          >
            Inheritance
          </a>
        </li>
        <li
          key="/shadowing-inherited-state-variables"
        >
          <a
            href="/shadowing-inherited-state-variables"
          >
            Shadowing Inherited State Variables
          </a>
        </li>
        <li
          key="/super"
        >
          <a
            href="/super"
          >
            Calling Parent Contracts
          </a>
        </li>
        <li
          key="/visibility"
        >
          <a
            href="/visibility"
          >
            Visibility
          </a>
        </li>
        <li
          key="/payable"
        >
          <a
            href="/payable"
          >
            Payable
          </a>
        </li>
        <li
          key="/sending-ether"
        >
          <a
            href="/sending-ether"
          >
            Sending Ether - Transfer, Send, and Call
          </a>
        </li>
        <li
          key="/fallback"
        >
          <a
            href="/fallback"
          >
            Fallback
          </a>
        </li>
        <li
          key="/call"
        >
          <a
            href="/call"
          >
            Call
          </a>
        </li>
        <li
          key="/delegatecall"
        >
          <a
            href="/delegatecall"
          >
            Delegatecall
          </a>
        </li>
        <li
          key="/calling-contract"
        >
          <a
            href="/calling-contract"
          >
            Calling Other Contract
          </a>
        </li>
        <li
          key="/new-contract"
        >
          <a
            href="/new-contract"
          >
            Creating Contracts from a Contract
          </a>
        </li>
        <li
          key="/import"
        >
          <a
            href="/import"
          >
            Import
          </a>
        </li>
        <li
          key="/library"
        >
          <a
            href="/library"
          >
            Library
          </a>
        </li>
        <li
          key="/hashing"
        >
          <a
            href="/hashing"
          >
            Hashing with Keccak256
          </a>
        </li>
        <li
          key="/signature"
        >
          <a
            href="/signature"
          >
            Verifying Signature
          </a>
        </li>
      </ul>
    </div>
    <div
      key="1"
    >
      <h3>
        Applications
      </h3>
      <ul
        className="list"
      >
        <li
          key="/app/multi-sig-wallet"
        >
          <a
            href="/app/multi-sig-wallet"
          >
            Multi Sig Wallet
          </a>
        </li>
        <li
          key="/app/dividend"
        >
          <a
            href="/app/dividend"
          >
            Dividend
          </a>
        </li>
        <li
          key="/app/payment-channel"
        >
          <a
            href="/app/payment-channel"
          >
            Payment Channel
          </a>
        </li>
        <li
          key="/app/merkle-tree"
        >
          <a
            href="/app/merkle-tree"
          >
            Merkle Tree
          </a>
        </li>
        <li
          key="/app/create2"
        >
          <a
            href="/app/create2"
          >
            Precompute Contract Address with Create2
          </a>
        </li>
      </ul>
    </div>
    <div
      key="2"
    >
      <h3>
        Hacks
      </h3>
      <ul
        className="list"
      >
        <li
          key="/hacks/re-entrancy"
        >
          <a
            href="/hacks/re-entrancy"
          >
            Re-Entrancy
          </a>
        </li>
        <li
          key="/hacks/self-destruct"
        >
          <a
            href="/hacks/self-destruct"
          >
            Self Destruct
          </a>
        </li>
      </ul>
    </div>
  </div>
</div>
`;
