// Jest Snapshot v1, https://goo.gl/fbAQLP

exports[`it renders 1`] = `
<Home
  routesByCategory={
    Array [
      Object {
        "routes": Array [
          Object {
            "path": "/0.6/hello-world",
            "title": "Hello World",
          },
          Object {
            "path": "/0.6/first-app",
            "title": "First App",
          },
          Object {
            "path": "/0.6/primitives",
            "title": "Primitive Data Types",
          },
          Object {
            "path": "/0.6/variables",
            "title": "Variables",
          },
          Object {
            "path": "/0.6/state-variables",
            "title": "Reading and Writing to a State Variable",
          },
          Object {
            "path": "/0.6/ether-units",
            "title": "Ether and Wei",
          },
          Object {
            "path": "/0.6/gas",
            "title": "Gas and Gas Price",
          },
          Object {
            "path": "/0.6/if-else",
            "title": "If / Else",
          },
          Object {
            "path": "/0.6/loop",
            "title": "For and While Loop",
          },
          Object {
            "path": "/0.6/mapping",
            "title": "Mapping",
          },
          Object {
            "path": "/0.6/array",
            "title": "Array",
          },
          Object {
            "path": "/0.6/enum",
            "title": "Enum",
          },
          Object {
            "path": "/0.6/structs",
            "title": "Structs",
          },
          Object {
            "path": "/0.6/data-locations",
            "title": "Data Locations - Storage, Memory and Calldata",
          },
          Object {
            "path": "/0.6/function",
            "title": "Function",
          },
          Object {
            "path": "/0.6/view-and-pure-functions",
            "title": "View and Pure Functions",
          },
          Object {
            "path": "/0.6/error",
            "title": "Error",
          },
          Object {
            "path": "/0.6/function-modifier",
            "title": "Function Modifier",
          },
          Object {
            "path": "/0.6/events",
            "title": "Events",
          },
          Object {
            "path": "/0.6/constructor",
            "title": "Constructor",
          },
          Object {
            "breakingChanges": true,
            "path": "/0.6/inheritance",
            "title": "Inheritance",
          },
          Object {
            "breakingChanges": true,
            "path": "/0.6/shadowing-inherited-state-variables",
            "title": "Shadowing Inherited State Variables",
          },
          Object {
            "path": "/0.6/super",
            "title": "Calling Parent Contracts",
          },
          Object {
            "path": "/0.6/visibility",
            "title": "Visibility",
          },
          Object {
            "path": "/0.6/interface",
            "title": "Interface",
          },
          Object {
            "path": "/0.6/payable",
            "title": "Payable",
          },
          Object {
            "path": "/0.6/sending-ether",
            "title": "Sending Ether - Transfer, Send, and Call",
          },
          Object {
            "breakingChanges": true,
            "path": "/0.6/fallback",
            "title": "Fallback",
          },
          Object {
            "path": "/0.6/call",
            "title": "Call",
          },
          Object {
            "path": "/0.6/delegatecall",
            "title": "Delegatecall",
          },
          Object {
            "path": "/0.6/calling-contract",
            "title": "Calling Other Contract",
          },
          Object {
            "path": "/0.6/new-contract",
            "title": "Creating Contracts from a Contract",
          },
          Object {
            "newFeature": true,
            "path": "/0.6/try-catch",
            "title": "Try / Catch",
          },
          Object {
            "path": "/0.6/import",
            "title": "Import",
          },
          Object {
            "path": "/0.6/library",
            "title": "Library",
          },
          Object {
            "path": "/0.6/hashing",
            "title": "Hashing with Keccak256",
          },
          Object {
            "path": "/0.6/signature",
            "title": "Verifying Signature",
          },
        ],
        "title": "",
      },
      Object {
        "routes": Array [
          Object {
            "path": "/0.6/app/multi-sig-wallet",
            "title": "Multi Sig Wallet",
          },
          Object {
            "path": "/0.6/app/merkle-tree",
            "title": "Merkle Tree",
          },
          Object {
            "path": "/0.6/app/iterable-mapping",
            "title": "Iterable Mapping",
          },
          Object {
            "path": "/0.6/app/erc20",
            "title": "ERC20",
          },
          Object {
            "path": "/0.6/app/create2",
            "title": "Precompute Contract Address with Create2",
          },
          Object {
            "path": "/0.6/app/uni-directional-payment-channel",
            "title": "Uni-directional Payment Channel",
          },
          Object {
            "path": "/0.6/app/bi-directional-payment-channel",
            "title": "Bi-directional Payment Channel",
          },
        ],
        "title": "Applications",
      },
      Object {
        "routes": Array [
          Object {
            "path": "/0.6/hacks/re-entrancy",
            "title": "Re-Entrancy",
          },
          Object {
            "path": "/0.6/hacks/overflow",
            "title": "Arithmetic Overflow and Underflow",
          },
          Object {
            "path": "/0.6/hacks/self-destruct",
            "title": "Self Destruct",
          },
          Object {
            "path": "/0.6/hacks/accessing-private-data",
            "title": "Accessing Private Data",
          },
          Object {
            "path": "/0.6/hacks/delegatecall",
            "title": "Delegatecall",
          },
          Object {
            "path": "/0.6/hacks/randomness",
            "title": "Source of Randomness",
          },
          Object {
            "path": "/0.6/hacks/denial-of-service",
            "title": "Denial of Service",
          },
          Object {
            "path": "/0.6/hacks/phishing-with-tx-origin",
            "title": "Phishing with tx.origin",
          },
          Object {
            "path": "/0.6/hacks/hiding-malicious-code-with-external-contract",
            "title": "Hiding Malicious Code with External Contract",
          },
          Object {
            "path": "/0.6/hacks/honeypot",
            "title": "Honeypot",
          },
          Object {
            "path": "/0.6/hacks/front-running",
            "title": "Front Running",
          },
          Object {
            "path": "/0.6/hacks/block-timestamp-manipulation",
            "title": "Block Timestamp Manipulation",
          },
          Object {
            "path": "/0.6/hacks/signature-replay",
            "title": "Signature Replay",
          },
        ],
        "title": "Hacks",
      },
    ]
  }
  version="0.6.10"
/>
`;
