// Jest Snapshot v1, https://goo.gl/fbAQLP

exports[`it renders 1`] = `
<div
  className="component"
>
  <div
    className="row"
  >
    Donation
    <span
      aria-label="smiley"
      role="img"
    >
      ðŸ™‚
    </span>
  </div>
  <div
    className="row"
  >
    <a
      href="https://etherscan.io/address/0x95a647B3d8a3F11176BAdB799b9499C671fa243a"
      target="__blank"
    >
      0x95a6
      ...
      fa243
    </a>
  </div>
  <div
    className="row"
  >
    your ETH will directly go to
    <a
      className="khan"
      href="https://khanacademy.org"
      target="__blank"
    >
      Khan Academy
    </a>
  </div>
  <div
    className="row"
  >
    <a
      href="mailto:contact@solidity-by-example.org"
    >
      contact@solidity-by-example.org
    </a>
  </div>
  <div
    className="row"
  >
    <a
      href="https://github.com/solidity-by-example/solidity-by-example.github.io"
      target="__blank"
    >
      source
    </a>
    <div
      className="bar"
    >
      |
    </div>
    <a
      href="https://github.com/solidity-by-example/solidity-by-example.github.io/blob/gh-pages/LICENSE"
      target="__blank"
    >
      license
    </a>
  </div>
</div>
`;
