// Jest Snapshot v1, https://goo.gl/fbAQLP

exports[`it renders 1`] = `
<p
  className="footer"
>
  <a
    href="mailto:contact@solidity-by-example.org"
  >
    contact@solidity-by-example.org
  </a>
   
  |
   
  <a
    href="https://github.com/solidity-by-example/solidity-by-example.github.io"
  >
    source
  </a>
   
  |
   
  <a
    href="https://github.com/solidity-by-example/solidity-by-example.github.io/tree/gh-pages#license"
  >
    license
  </a>
</p>
`;
