// Jest Snapshot v1, https://goo.gl/fbAQLP

exports[`it renders 1`] = `
<Example
  description="In Solidity, contract can call other contracts in several ways"
  html="<p>Contract can call other contracts in 2 ways.</p>
<p>The easiest way to is to just call it, like <code>A.foo(x, y, z)</code>.</p>
<p>Another way to call other contracts is to use the low-level <code>call</code>.</p>
<p>This method is not recommended.</p>
<pre><code class=\\"language-solidity\\"><span class=\\"hljs-comment\\">// SPDX-License-Identifier: MIT</span>
<span class=\\"hljs-meta\\"><span class=\\"hljs-keyword\\">pragma</span> <span class=\\"hljs-keyword\\">solidity</span> ^0.7.6;</span>

<span class=\\"hljs-class\\"><span class=\\"hljs-keyword\\">contract</span> <span class=\\"hljs-title\\">Callee</span> </span>{
    <span class=\\"hljs-keyword\\">uint</span> <span class=\\"hljs-keyword\\">public</span> x;
    <span class=\\"hljs-keyword\\">uint</span> <span class=\\"hljs-keyword\\">public</span> value;

    <span class=\\"hljs-function\\"><span class=\\"hljs-keyword\\">function</span> <span class=\\"hljs-title\\">setX</span>(<span class=\\"hljs-params\\"><span class=\\"hljs-keyword\\">uint</span> _x</span>) <span class=\\"hljs-title\\"><span class=\\"hljs-keyword\\">public</span></span> <span class=\\"hljs-title\\"><span class=\\"hljs-keyword\\">returns</span></span> (<span class=\\"hljs-params\\"><span class=\\"hljs-keyword\\">uint</span></span>) </span>{
        x = _x;
        <span class=\\"hljs-keyword\\">return</span> x;
    }

    <span class=\\"hljs-function\\"><span class=\\"hljs-keyword\\">function</span> <span class=\\"hljs-title\\">setXandSendEther</span>(<span class=\\"hljs-params\\"><span class=\\"hljs-keyword\\">uint</span> _x</span>) <span class=\\"hljs-title\\"><span class=\\"hljs-keyword\\">public</span></span> <span class=\\"hljs-title\\"><span class=\\"hljs-keyword\\">payable</span></span> <span class=\\"hljs-title\\"><span class=\\"hljs-keyword\\">returns</span></span> (<span class=\\"hljs-params\\"><span class=\\"hljs-keyword\\">uint</span>, <span class=\\"hljs-keyword\\">uint</span></span>) </span>{
        x = _x;
        value = <span class=\\"hljs-built_in\\">msg</span>.<span class=\\"hljs-built_in\\">value</span>;

        <span class=\\"hljs-keyword\\">return</span> (x, value);
    }
}

<span class=\\"hljs-class\\"><span class=\\"hljs-keyword\\">contract</span> <span class=\\"hljs-title\\">Caller</span> </span>{
    <span class=\\"hljs-function\\"><span class=\\"hljs-keyword\\">function</span> <span class=\\"hljs-title\\">setX</span>(<span class=\\"hljs-params\\">Callee _callee, <span class=\\"hljs-keyword\\">uint</span> _x</span>) <span class=\\"hljs-title\\"><span class=\\"hljs-keyword\\">public</span></span> </span>{
        <span class=\\"hljs-keyword\\">uint</span> x = _callee.setX(_x);
    }

    <span class=\\"hljs-function\\"><span class=\\"hljs-keyword\\">function</span> <span class=\\"hljs-title\\">setXFromAddress</span>(<span class=\\"hljs-params\\"><span class=\\"hljs-keyword\\">address</span> _addr, <span class=\\"hljs-keyword\\">uint</span> _x</span>) <span class=\\"hljs-title\\"><span class=\\"hljs-keyword\\">public</span></span> </span>{
        Callee callee = Callee(_addr);
        callee.setX(_x);
    }

    <span class=\\"hljs-function\\"><span class=\\"hljs-keyword\\">function</span> <span class=\\"hljs-title\\">setXandSendEther</span>(<span class=\\"hljs-params\\">Callee _callee, <span class=\\"hljs-keyword\\">uint</span> _x</span>) <span class=\\"hljs-title\\"><span class=\\"hljs-keyword\\">public</span></span> <span class=\\"hljs-title\\"><span class=\\"hljs-keyword\\">payable</span></span> </span>{
        (<span class=\\"hljs-keyword\\">uint</span> x, <span class=\\"hljs-keyword\\">uint</span> value) = _callee.setXandSendEther{<span class=\\"hljs-built_in\\">value:</span> <span class=\\"hljs-built_in\\">msg</span>.<span class=\\"hljs-built_in\\">value</span>}(_x);
    }
}
</code></pre>
"
  title="Calling Other Contract"
  version="0.6.10"
/>
`;
