// Jest Snapshot v1, https://goo.gl/fbAQLP

exports[`it renders 1`] = `
<Example
  description="Example of for and while loop in Solidity"
  html="<p>Solidity supports <code>for</code>, <code>while</code>, and <code>do while</code> loops.</p>
<p>Don&#39;t write loops that are unbounded as this can hit the gas limit, causing your transaction to fail.</p>
<p>For the reason above, <code>while</code> and <code>do while</code> loops are rarely used.</p>
<pre><code class=\\"language-solidity\\">pragma solidity ^0.5.16;

contract Loop {
    function loop() public {
        // for loop
        for (uint i = 0; i &lt; 10; i++) {
            if (i == 3) {
                // Skip to next iteration with continue
                continue;
            }
            if (i == 5) {
                // Exit loop with break
                break;
            }
        }

        // while loop
        uint i;
        while (i &lt; 10) {
            i++;
        }
    }
}
</code></pre>
"
  title="For and While Loop"
  version="0.5.16"
/>
`;
