// Jest Snapshot v1, https://goo.gl/fbAQLP

exports[`it renders 1`] = `
<Example
  description="Example of smart contract in Solidity"
  html="<p>Here is a simple contract that you can get, increment and decrement the count store in this contract.</p>
<pre><code class=\\"language-solidity\\">pragma solidity ^0.6.0;

contract Counter {
    uint public count;

    // Function to get the current count
    function get() public view returns (uint) {
        return count;
    }

    // Function to increment count by 1
    function inc() public {
        count += 1;
    }

    // Function to decrement count by 1
    function dec() public {
        count -= 1;
    }
}
</code></pre>
"
  title="First Application"
  version="0.6.0"
/>
`;
